<html>
<body>
<pre>
<h1>µVision Build Log</h1>
<h2>Project:</h2>
F:\PPP\STM\Cortex_M4\Action_B\User\MDK-ARM\Action_B.uvproj
Project File Date:  04/25/2019

<h2>Output:</h2>
Build target 'STM32F405'
compiling main.c...
linking...
Program Size: Code=8512 RO-data=424 RW-data=28 ZI-data=1228  
FromELF: creating hex file...
".\obj\STM32F405.axf" - 0 Error(s), 0 Warning(s).
Load "F:\\PPP\\STM\\Cortex_M4\\Action_B\\User\\MDK-ARM\\obj\\STM32F405.axf" 
* JLink Info: Device "UNSPECIFIED" selected (0 KB flash, 0 KB RAM).
Set JLink Project File to "F:\PPP\STM\Cortex_M4\Action_B\User\MDK-ARM\JLinkSettings.ini"
* JLink Info: Device "UNSPECIFIED" selected (0 KB flash, 0 KB RAM).
 
JLink info:
------------
DLL: V4.80g, compiled Feb 13 2014 20:50:02
Firmware: J-Link ARM-OB STM32 compiled Aug 22 2012 19:52:04
Hardware: V7.00
S/N : 20090928 
Feature(s) : RDI,FlashDL,FlashBP,JFlash,GDBFull 
 
* JLink Info: Found SWD-DP with ID 0x2BA01477
* JLink Info: Found Cortex-M4 r0p1, Little endian.
* JLink Info: FPUnit: 6 code (BP) slots and 2 literal slots
* JLink Info: TPIU fitted.
* JLink Info: ETM fitted.
ROMTableAddr = 0xE00FF003
 
Target info:
------------
Device: STM32F405RG
VTarget = 3.300V
State of Pins: 
TCK: 0, TDI: 0, TDO: 1, TMS: 0, TRES: 1, TRST: 0
Hardware-Breakpoints: 6
Software-Breakpoints: 8192
Watchpoints:          4
JTAG speed: 2000 kHz
 
Erase Done.
Programming Done.
Verify OK.
Application running ...
cation running ...
Load "F:\\PPP\\STM\\Cortex_M4\\Action_B\\User\\MDK-ARM\\obj\\STM32F405.axf" 
Error: Flash Download failed  -  Target DLL has been cancelled
, 0 Warning(s).
Load "F:\\PPP\\STM\\Cortex_M4\\Action_B\\User\\MDK-ARM\\obj\\STM32F405.axf" 
* JLink Info: Device "UNSPECIFIED" selected (0 KB flash, 0 KB RAM).
Set JLink Project File to "F:\PPP\STM\Cortex_M4\Action_B\User\MDK-ARM\JLinkSettings.ini"
* JLink Info: Device "UNSPECIFIED" selected (0 KB flash, 0 KB RAM).
 
JLink info:
------------
DLL: V4.80g, compiled Feb 13 2014 20:50:02
Firmware: J-Link ARM-OB STM32 compiled Aug 22 2012 19:52:04
Hardware: V7.00
S/N : 20090928 
Feature(s) : RDI,FlashDL,FlashBP,JFlash,GDBFull 
 
* JLink Info: Found SWD-DP with ID 0x2BA01477
* JLink Info: Found Cortex-M4 r0p1, Little endian.
* JLink Info: FPUnit: 6 code (BP) slots and 2 literal slots
* JLink Info: TPIU fitted.
* JLink Info: ETM fitted.
ROMTableAddr = 0xE00FF003
 
Target info:
------------
Device: STM32F405RG
VTarget = 3.300V
State of Pins: 
TCK: 0, TDI: 0, TDO: 1, TMS: 0, TRES: 1, TRST: 1
Hardware-Breakpoints: 6
Software-Breakpoints: 8192
Watchpoints:          4
JTAG speed: 2000 kHz
 
Erase Done.
Programming Done.
Verify OK.
Application running ...
